==========================================
SLURM_CLUSTER_NAME = paramrudra
SLURM_ARRAY_JOB_ID = 
SLURM_ARRAY_TASK_ID = 
SLURM_ARRAY_TASK_COUNT = 
SLURM_ARRAY_TASK_MAX = 
SLURM_ARRAY_TASK_MIN = 
SLURM_JOB_ACCOUNT = iitk
SLURM_JOB_ID = 2116
SLURM_JOB_NAME = p_16
SLURM_JOB_NODELIST = rdcn23
SLURM_JOB_USER = iitk_61
SLURM_JOB_UID = 55901
SLURM_JOB_PARTITION = cpu
SLURM_TASK_PID = 1129977
SLURM_SUBMIT_DIR = /home/iitk_61/assignment_1
SLURM_CPUS_ON_NODE = 16
SLURM_NTASKS = 16
SLURM_TASK_PID = 1129977
==========================================
